// Vitest Snapshot v1, https://vitest.dev/guide/snapshot.html

exports[`shared/ui/List component > Snapshot 1`] = `"<div data-v-62220b6c=\\"\\" class=\\"list\\"></div>"`;
